🔨 Building Docker image...
docker build -t booking-service:task4-review ./booking-service
#0 building with "default" instance using docker driver

#1 [internal] load build definition from Dockerfile
#1 transferring dockerfile: 30B 0.0s
#1 transferring dockerfile: 171B 0.0s done
#1 DONE 0.2s

#2 [internal] load metadata for docker.io/library/golang:1.21-alpine
#2 ...

#3 [auth] library/golang:pull token for registry-1.docker.io
#3 DONE 0.0s

#2 [internal] load metadata for docker.io/library/golang:1.21-alpine
#2 DONE 1.3s

#4 [internal] load .dockerignore
#4 transferring context: 2B done
#4 DONE 0.0s

#5 [internal] load build context
#5 DONE 0.0s

#6 [1/4] FROM docker.io/library/golang:1.21-alpine@sha256:2414035b086e3c42b99654c8b26e6f5b1b1598080d65fd03c7f499552ff4dc94
#6 resolve docker.io/library/golang:1.21-alpine@sha256:2414035b086e3c42b99654c8b26e6f5b1b1598080d65fd03c7f499552ff4dc94 0.1s done
#6 DONE 0.1s

#6 [1/4] FROM docker.io/library/golang:1.21-alpine@sha256:2414035b086e3c42b99654c8b26e6f5b1b1598080d65fd03c7f499552ff4dc94
#6 CACHED

#5 [internal] load build context
#5 transferring context: 29B 0.0s done
#5 DONE 0.1s

#7 [2/4] WORKDIR /app
#7 DONE 0.5s

#8 [3/4] COPY main.go .
#8 DONE 0.5s

#9 [4/4] RUN go build -o booking-service main.go
#9 DONE 36.0s

#10 exporting to image
#10 exporting layers
#10 exporting layers 15.4s done
#10 exporting manifest sha256:35254ffe0b47e1bec08b12f19beb1848c83bc4bb76b88bffdbab33e4dfe832b0 0.1s done
#10 exporting config sha256:1ad3e73d4a81eeb23c901fabf3d30b5d2b153351da71142dbe4dfcb6c8b85b69
#10 exporting config sha256:1ad3e73d4a81eeb23c901fabf3d30b5d2b153351da71142dbe4dfcb6c8b85b69 0.1s done
#10 exporting attestation manifest sha256:732bab8957f637f04cd2fec4cf9bc7d325dcbeef1237d466b9cbfc98d6823cd5
#10 exporting attestation manifest sha256:732bab8957f637f04cd2fec4cf9bc7d325dcbeef1237d466b9cbfc98d6823cd5 0.2s done
#10 exporting manifest list sha256:84c7174f101532414d2aa7c1742c1d878dfdf94bb494774a4b314a817c32bc54
#10 exporting manifest list sha256:84c7174f101532414d2aa7c1742c1d878dfdf94bb494774a4b314a817c32bc54 0.2s done
#10 naming to docker.io/library/booking-service:task4-review
#10 naming to docker.io/library/booking-service:task4-review 0.0s done
#10 unpacking to docker.io/library/booking-service:task4-review
#10 unpacking to docker.io/library/booking-service:task4-review 4.8s done
#10 DONE 21.1s
✅ Image built: booking-service:task4-review
